// Jest Snapshot v1, https://goo.gl/fbAQLP

exports[`Test 1`] = `
Object {
  "asFragment": [Function],
  "baseElement": <body>
    <div>
      <footer>
        <div
          class="grille"
        >
          <div>
            <ul
              class="onglets"
            >
              <li
                class="titre"
              >
                MENU
              </li>
            </ul>
            <div
              class="ligne"
            />
            <ul
              class="onglets"
            >
              <li
                class="lien"
              >
                Accueil
              </li>
              <li
                class="lien"
              >
                Galerie
              </li>
              <li
                class="lien"
              >
                A propos
              </li>
              <li
                class="lien"
              >
                Contact
              </li>
            </ul>
          </div>
          <div>
            <ul
              class="onglets"
            >
              <li
                class="titre"
              >
                RESEAUX SOCIAUX
              </li>
            </ul>
            <div
              class="ligne"
            />
            <ul
              class="onglets"
            >
              <li
                class="lien"
              >
                Twitter
              </li>
              <li
                class="lien"
              >
                Youtube
              </li>
            </ul>
          </div>
          <div>
            <ul
              class="onglets"
            >
              <li
                class="titre"
              >
                ME CONTACTER
              </li>
            </ul>
            <div
              class="ligne"
            />
            <ul
              class="onglets"
            >
              <li
                class="lien"
              >
                frocusx@hotmail.fr
              </li>
            </ul>
          </div>
          <div>
            <ul
              class="onglets"
            >
              <li
                class="titre"
              >
                LOGO
              </li>
            </ul>
            <div
              class="ligne"
            />
            <ul
              class="onglets"
            >
              <li
                class="lien"
              >
                En cours...
              </li>
            </ul>
          </div>
        </div>
        <div
          class="droit"
        >
          © 2020 - Tous droits réservés
        </div>
      </footer>
    </div>
  </body>,
  "container": <div>
    <footer>
      <div
        class="grille"
      >
        <div>
          <ul
            class="onglets"
          >
            <li
              class="titre"
            >
              MENU
            </li>
          </ul>
          <div
            class="ligne"
          />
          <ul
            class="onglets"
          >
            <li
              class="lien"
            >
              Accueil
            </li>
            <li
              class="lien"
            >
              Galerie
            </li>
            <li
              class="lien"
            >
              A propos
            </li>
            <li
              class="lien"
            >
              Contact
            </li>
          </ul>
        </div>
        <div>
          <ul
            class="onglets"
          >
            <li
              class="titre"
            >
              RESEAUX SOCIAUX
            </li>
          </ul>
          <div
            class="ligne"
          />
          <ul
            class="onglets"
          >
            <li
              class="lien"
            >
              Twitter
            </li>
            <li
              class="lien"
            >
              Youtube
            </li>
          </ul>
        </div>
        <div>
          <ul
            class="onglets"
          >
            <li
              class="titre"
            >
              ME CONTACTER
            </li>
          </ul>
          <div
            class="ligne"
          />
          <ul
            class="onglets"
          >
            <li
              class="lien"
            >
              frocusx@hotmail.fr
            </li>
          </ul>
        </div>
        <div>
          <ul
            class="onglets"
          >
            <li
              class="titre"
            >
              LOGO
            </li>
          </ul>
          <div
            class="ligne"
          />
          <ul
            class="onglets"
          >
            <li
              class="lien"
            >
              En cours...
            </li>
          </ul>
        </div>
      </div>
      <div
        class="droit"
      >
        © 2020 - Tous droits réservés
      </div>
    </footer>
  </div>,
  "debug": [Function],
  "findAllByAltText": [Function],
  "findAllByDisplayValue": [Function],
  "findAllByLabelText": [Function],
  "findAllByPlaceholderText": [Function],
  "findAllByRole": [Function],
  "findAllByTestId": [Function],
  "findAllByText": [Function],
  "findAllByTitle": [Function],
  "findByAltText": [Function],
  "findByDisplayValue": [Function],
  "findByLabelText": [Function],
  "findByPlaceholderText": [Function],
  "findByRole": [Function],
  "findByTestId": [Function],
  "findByText": [Function],
  "findByTitle": [Function],
  "getAllByAltText": [Function],
  "getAllByDisplayValue": [Function],
  "getAllByLabelText": [Function],
  "getAllByPlaceholderText": [Function],
  "getAllByRole": [Function],
  "getAllByTestId": [Function],
  "getAllByText": [Function],
  "getAllByTitle": [Function],
  "getByAltText": [Function],
  "getByDisplayValue": [Function],
  "getByLabelText": [Function],
  "getByPlaceholderText": [Function],
  "getByRole": [Function],
  "getByTestId": [Function],
  "getByText": [Function],
  "getByTitle": [Function],
  "queryAllByAltText": [Function],
  "queryAllByDisplayValue": [Function],
  "queryAllByLabelText": [Function],
  "queryAllByPlaceholderText": [Function],
  "queryAllByRole": [Function],
  "queryAllByTestId": [Function],
  "queryAllByText": [Function],
  "queryAllByTitle": [Function],
  "queryByAltText": [Function],
  "queryByDisplayValue": [Function],
  "queryByLabelText": [Function],
  "queryByPlaceholderText": [Function],
  "queryByRole": [Function],
  "queryByTestId": [Function],
  "queryByText": [Function],
  "queryByTitle": [Function],
  "rerender": [Function],
  "unmount": [Function],
}
`;
